Microchip MPLAB XC8 Compiler V1.44 ()

Linker command line:

-W-3 --edf=C:\Program Files (x86)\Microchip\xc8\v1.44\dat\en_msgs.txt -cs \
  -h+dist/default/production\led.X.production.sym \
  --cmf=dist/default/production\led.X.production.cmf -z -Q16F690 \
  -oC:\Users\Raja\AppData\Local\Temp\s42g.2 \
  -Mdist/default/production/led.X.production.map -E1 -ver=XC8 \
  -ASTACK=0120h-016fh -pstack=STACK -ACODE=00h-07FFhx2 -ASTRCODE=00h-0FFFh \
  -ASTRING=00h-0FFhx16 -ACONST=00h-0FFhx16 -AENTRY=00h-0FFhx16 \
  -ACOMMON=070h-07Fh -ABANK0=020h-06Fh -ABANK1=0A0h-0EFh \
  -ABANK2=0120h-016Fh -ARAM=020h-06Fh,0A0h-0EFh,0120h-016Fh \
  -AABS1=020h-07Fh,0A0h-0EFh,0120h-016Fh -ASFR0=00h-01Fh -ASFR1=080h-09Fh \
  -ASFR2=0100h-011Fh -ASFR3=0180h-01EFh \
  -preset_vec=00h,intentry=04h,init,end_init -ppowerup=CODE -pcinit=CODE \
  -pfunctab=ENTRY -ACONFIG=02007h-02007h -pconfig=CONFIG -DCONFIG=2 \
  -AIDLOC=02000h-02003h -pidloc=IDLOC -DIDLOC=2 -AEEDATA=00h-0FFh/02100h \
  -peeprom_data=EEDATA -DEEDATA=2 -DCODE=2 -DSTRCODE=2 -DSTRING=2 -DCONST=2 \
  -DENTRY=2 -k C:\Users\Raja\AppData\Local\Temp\s42g.obj \
  dist/default/production\led.X.production.obj 

Object code version is 3.11

Machine type is 16F690



                Name                               Link     Load   Length Selector   Space Scale
C:\Users\Raja\AppData\Local\Temp\s42g.obj
                end_init                             11       11        2        8       0
                reset_vec                             0        0        2        0       0
                config                             2007     2007        1     400E       0
dist/default/production\led.X.production.obj
                cinit                                13       13       15        8       0
                intentry                              4        4        D        8       0
                text11                              1B3      1B3       74        8       0
                text10                              323      323       1A        8       0
                text9                               2FF      2FF       24        8       0
                text8                               33D      33D       13        8       0
                text7                                B7       B7       82        8       0
                text6                               2CF      2CF       30        8       0
                text5                               227      227       5B        8       0
                text4                               282      282       4D        8       0
                text3                               139      139       7A        8       0
                text2                               35B      35B        2        8       0
                text1                               358      358        3        8       0
                maintext                             28       28       8F        8       0
                cstackBANK0                          42       42        E       20       1
                cstackCOMMON                         76       76        6       70       1
                clrtext                             350      350        8        8       0
                bssBANK1                             A0       A0       50       A0       1
                bssBANK0                             20       20       22       20       1
                bssCOMMON                            70       70        6       70       1

TOTAL           Name                               Link     Load   Length     Space
        CLASS   STACK          

        CLASS   CODE           
                end_init                             11       11        2         0
                cinit                                13       13       15         0
                intentry                              4        4        D         0
                reset_vec                             0        0        2         0
                text11                              1B3      1B3       74         0
                text10                              323      323       1A         0
                text9                               2FF      2FF       24         0
                text8                               33D      33D       13         0
                text7                                B7       B7       82         0
                text6                               2CF      2CF       30         0
                text5                               227      227       5B         0
                text4                               282      282       4D         0
                text3                               139      139       7A         0
                text2                               35B      35B        2         0
                text1                               358      358        3         0
                maintext                             28       28       8F         0
                clrtext                             350      350        8         0

        CLASS   STRCODE        

        CLASS   STRING         

        CLASS   CONST          

        CLASS   ENTRY          

        CLASS   COMMON         
                cstackCOMMON                         76       76        6         1
                bssCOMMON                            70       70        6         1

        CLASS   BANK0          
                cstackBANK0                          42       42        E         1
                bssBANK0                             20       20       22         1

        CLASS   BANK1          
                bssBANK1                             A0       A0       50         1

        CLASS   BANK2          

        CLASS   RAM            

        CLASS   ABS1           
                abs_s1                               7E       7E        2         1

        CLASS   SFR0           

        CLASS   SFR1           

        CLASS   SFR2           

        CLASS   SFR3           

        CLASS   CONFIG         
                config                             2007     2007        1         0

        CLASS   IDLOC          

        CLASS   EEDATA         

        CLASS   BANK3          



SEGMENTS        Name                           Load    Length   Top    Selector   Space  Class     Delta

                reset_vec                      000000  000002  000002         0       0  CODE        2
                intentry                       000004  000359  00035D         8       0  CODE        2
                bssBANK0                       000020  000030  000050        20       1  BANK0       1
                bssCOMMON                      000070  00000C  00007C        70       1  COMMON      1
                bssBANK1                       0000A0  000050  0000F0        A0       1  BANK1       1
                config                         002007  000001  002008      400E       0  CONFIG      2


UNUSED ADDRESS RANGES

        Name                Unused          Largest block    Delta
        BANK0            0050-006F             20           1
        BANK2            0120-016F             50           1
        CODE             0002-0003              2           2
                         035D-0FFF            4A3
        COMMON           007C-007D              2           1
        CONST            0002-0003              2           2
                         035D-0FFF            100
        EEDATA           2100-21FF            100           2
        ENTRY            0002-0003              2           2
                         035D-0FFF            100
        IDLOC            2000-2003              4           2
        RAM              0050-006F             20           1
                         0120-016F             50
        SFR0             0000-001F             20           1
        SFR1             0080-009F             20           1
        SFR2             0100-011F             20           1
        SFR3             0180-01EF             70           1
        STACK            0120-016F             50           1
        STRCODE          0002-0003              2           2
                         035D-0FFF            CA3
        STRING           0002-0003              2           2
                         035D-0FFF            100

                                  Symbol Table

?___awdiv                      cstackBANK0  0042
?___awmod                      cstackBANK0  0042
UARTReceiveInterrupt@temp      cstackCOMMON 0077
_ANSEL                         (abs)        011E
_ANSELH                        (abs)        011F
_BRG16                         (abs)        04DB
_BRGH                          (abs)        04C2
_CREN                          (abs)        00C4
_GIE                           (abs)        005F
_INIT                          text9        02FF
_ISR                           text10       0323
_IST_TIME1                     bssBANK0     0020
_IST_Time_Formate              text7        00B7
_OSCCON                        (abs)        008F
_PEIE                          (abs)        005E
_PORTA                         (abs)        0005
_PORTBbits                     (abs)        0006
_PORTC                         (abs)        0007
_RCIE                          (abs)        0465
_RCIF                          (abs)        0065
_RCREG                         (abs)        001A
_RCSTA                         (abs)        0018
_Receive_buffer                bssBANK1     00A0
_SPBRG                         (abs)        0099
_SPBRGH                        (abs)        009A
_SPEN                          (abs)        00C7
_TRISA                         (abs)        0085
_TRISB                         (abs)        0086
_TRISB5                        (abs)        0435
_TRISC                         (abs)        0087
_TRMT                          (abs)        04C1
_TXREG                         (abs)        0019
_TXSTA                         (abs)        0098
_Temp_Cnt                      bssBANK0     0038
_Tick                          text6        02CF
_Time_Formate_to_STR           text3        0139
_Time_Hr                       bssBANK0     0041
_Time_Min                      bssBANK0     0040
_Time_Sec                      bssBANK0     003F
_Time_Temp1                    bssCOMMON    0075
_Time_Temp2                    bssCOMMON    0070
_U16ResponseSize               bssCOMMON    0073
_U16Rx_Write_Index             bssCOMMON    0074
_U8Valid_Char                  bssCOMMON    0072
_UARTReceiveInterrupt          text11       01B3
_UARTReceiveddatasize          text2        035B
_UARTResetRxBuffer             text1        0358
__CFG_BOREN$OFF                (abs)        0000
__CFG_CP$OFF                   (abs)        0000
__CFG_CPD$OFF                  (abs)        0000
__CFG_FCMEN$OFF                (abs)        0000
__CFG_FOSC$INTRCIO             (abs)        0000
__CFG_IESO$OFF                 (abs)        0000
__CFG_MCLRE$OFF                (abs)        0000
__CFG_PWRTE$OFF                (abs)        0000
__CFG_WDTE$OFF                 (abs)        0000
__Habs1                        abs1         0000
__Hbank0                       bank0        0000
__Hbank1                       bank1        0000
__Hbank2                       bank2        0000
__Hbank3                       bank3        0000
__HbssBANK0                    bssBANK0     0000
__HbssBANK1                    bssBANK1     0000
__HbssCOMMON                   bssCOMMON    0000
__Hcinit                       cinit        0028
__Hclrtext                     clrtext      0000
__Hcode                        code         0000
__Hcommon                      common       0000
__Hconfig                      config       2008
__HcstackBANK0                 cstackBANK0  0000
__HcstackCOMMON                cstackCOMMON 0000
__Heeprom_data                 eeprom_data  0000
__Hend_init                    end_init     0013
__Hfunctab                     functab      0000
__Hidloc                       idloc        0000
__Hinit                        init         0011
__Hintentry                    intentry     0011
__Hmaintext                    maintext     0000
__Hpowerup                     powerup      0000
__Hram                         ram          0000
__Hreset_vec                   reset_vec    0002
__Hsfr0                        sfr0         0000
__Hsfr1                        sfr1         0000
__Hsfr2                        sfr2         0000
__Hsfr3                        sfr3         0000
__Hspace_0                     (abs)        2008
__Hspace_1                     (abs)        00F0
__Hspace_2                     (abs)        0000
__Hspace_3                     (abs)        0000
__Hstack                       stack        0000
__Hstrings                     strings      0000
__Htext                        text         0000
__Labs1                        abs1         0000
__Lbank0                       bank0        0000
__Lbank1                       bank1        0000
__Lbank2                       bank2        0000
__Lbank3                       bank3        0000
__LbssBANK0                    bssBANK0     0000
__LbssBANK1                    bssBANK1     0000
__LbssCOMMON                   bssCOMMON    0000
__Lcinit                       cinit        0013
__Lclrtext                     clrtext      0000
__Lcode                        code         0000
__Lcommon                      common       0000
__Lconfig                      config       2007
__LcstackBANK0                 cstackBANK0  0000
__LcstackCOMMON                cstackCOMMON 0000
__Leeprom_data                 eeprom_data  0000
__Lend_init                    end_init     0011
__Lfunctab                     functab      0000
__Lidloc                       idloc        0000
__Linit                        init         0011
__Lintentry                    intentry     0004
__Lmaintext                    maintext     0000
__Lpowerup                     powerup      0000
__Lram                         ram          0000
__Lreset_vec                   reset_vec    0000
__Lsfr0                        sfr0         0000
__Lsfr1                        sfr1         0000
__Lsfr2                        sfr2         0000
__Lsfr3                        sfr3         0000
__Lspace_0                     (abs)        0000
__Lspace_1                     (abs)        0000
__Lspace_2                     (abs)        0000
__Lspace_3                     (abs)        0000
__Lstack                       stack        0000
__Lstrings                     strings      0000
__Ltext                        text         0000
__S0                           (abs)        2008
__S1                           (abs)        00F0
__S2                           (abs)        0000
__S3                           (abs)        0000
___awdiv                       text5        0227
___awdiv@counter               cstackBANK0  0047
___awdiv@dividend              cstackBANK0  0044
___awdiv@divisor               cstackBANK0  0042
___awdiv@quotient              cstackBANK0  0049
___awdiv@sign                  cstackBANK0  0048
___awmod                       text4        0282
___awmod@counter               cstackBANK0  0047
___awmod@dividend              cstackBANK0  0044
___awmod@divisor               cstackBANK0  0042
___awmod@sign                  cstackBANK0  0048
___bmul                        text8        033D
___bmul@multiplicand           cstackBANK0  0042
___bmul@multiplier             cstackBANK0  0045
___bmul@product                cstackBANK0  0044
___int_sp                      stack        0000
___latbits                     (abs)        0001
___sp                          stack        0000
__end_of_INIT                  text9        0323
__end_of_ISR                   text10       033D
__end_of_IST_Time_Formate      text7        0139
__end_of_Tick                  text6        02FF
__end_of_Time_Formate_to_STR   text3        01B3
__end_of_UARTReceiveInterrupt  text11       0227
__end_of_UARTReceiveddatasize  text2        035D
__end_of_UARTResetRxBuffer     text1        035B
__end_of___awdiv               text5        0282
__end_of___awmod               text4        02CF
__end_of___bmul                text8        0350
__end_of__initialization       cinit        0025
__end_of_main                  maintext     00B7
__initialization               cinit        0013
__pbssBANK0                    bssBANK0     0020
__pbssBANK1                    bssBANK1     00A0
__pbssCOMMON                   bssCOMMON    0070
__pcstackBANK0                 cstackBANK0  0042
__pcstackCOMMON                cstackCOMMON 0076
__pintentry                    intentry     0004
__pmaintext                    maintext     0028
__ptext1                       text1        0358
__ptext10                      text10       0323
__ptext11                      text11       01B3
__ptext2                       text2        035B
__ptext3                       text3        0139
__ptext4                       text4        0282
__ptext5                       text5        0227
__ptext6                       text6        02CF
__ptext7                       text7        00B7
__ptext8                       text8        033D
__ptext9                       text9        02FF
__size_of_INIT                 (abs)        0000
__size_of_ISR                  (abs)        0000
__size_of_IST_Time_Formate     (abs)        0000
__size_of_Tick                 (abs)        0000
__size_of_Time_Formate_to_STR  (abs)        0000
__size_of_UARTReceiveInterrupt (abs)        0000
__size_of_UARTReceiveddatasize (abs)        0000
__size_of_UARTResetRxBuffer    (abs)        0000
__size_of___awdiv              (abs)        0000
__size_of___awmod              (abs)        0000
__size_of___bmul               (abs)        0000
__size_of_main                 (abs)        0000
_error_cnt                     bssBANK0     0036
_main                          maintext     0028
_sec                           bssBANK0     0034
btemp                          (abs)        007E
clear_ram0                     clrtext      0350
end_of_initialization          cinit        0025
interrupt_function             intentry     0004
intlevel0                      functab      0000
intlevel1                      functab      0000
intlevel2                      functab      0000
intlevel3                      functab      0000
intlevel4                      functab      0000
intlevel5                      functab      0000
reset_vec                      reset_vec    0000
saved_w                        (abs)        007E
stackhi                        (abs)        0000
stacklo                        (abs)        0000
start                          init         0011
start_initialization           cinit        0013
wtemp0                         (abs)        007E


FUNCTION INFORMATION:

 *************** function _main *****************
 Defined at:
		line 71 in file "main.c"
 Parameters:    Size  Location     Type
		None
 Auto vars:     Size  Location     Type
		None
 Return value:  Size  Location     Type
                  1    wreg      void 
 Registers used:
		wreg, status,2, status,0, pclath, cstack
 Tracked objects:
		On entry : 
		On exit  : 
		Unchanged: 
 Data sizes:     COMMON   BANK0   BANK1   BANK2
      Params:         0       0       0       0
      Locals:         0       0       0       0
      Temps:          0       2       0       0
      Totals:         0       2       0       0
Total ram usage:        2 bytes
 Hardware stack levels required when called:    4
 This function calls:
		_INIT
		_IST_Time_Formate
		_Tick
		_Time_Formate_to_STR
		_UARTReceiveddatasize
		_UARTResetRxBuffer
 This function is called by:
		Startup code after reset
 This function uses a non-reentrant model


 *************** function _UARTResetRxBuffer *****************
 Defined at:
		line 130 in file "main.c"
 Parameters:    Size  Location     Type
		None
 Auto vars:     Size  Location     Type
		None
 Return value:  Size  Location     Type
                  1    wreg      void 
 Registers used:
		status,2
 Tracked objects:
		On entry : 
		On exit  : 
		Unchanged: 
 Data sizes:     COMMON   BANK0   BANK1   BANK2
      Params:         0       0       0       0
      Locals:         0       0       0       0
      Temps:          0       0       0       0
      Totals:         0       0       0       0
Total ram usage:        0 bytes
 Hardware stack levels used:    1
 Hardware stack levels required when called:    2
 This function calls:
		Nothing
 This function is called by:
		_main
 This function uses a non-reentrant model


 *************** function _UARTReceiveddatasize *****************
 Defined at:
		line 125 in file "main.c"
 Parameters:    Size  Location     Type
		None
 Auto vars:     Size  Location     Type
		None
 Return value:  Size  Location     Type
                  1    wreg      unsigned char 
 Registers used:
		wreg
 Tracked objects:
		On entry : 
		On exit  : 
		Unchanged: 
 Data sizes:     COMMON   BANK0   BANK1   BANK2
      Params:         0       0       0       0
      Locals:         0       0       0       0
      Temps:          0       0       0       0
      Totals:         0       0       0       0
Total ram usage:        0 bytes
 Hardware stack levels used:    1
 Hardware stack levels required when called:    2
 This function calls:
		Nothing
 This function is called by:
		_main
 This function uses a non-reentrant model


 *************** function _Time_Formate_to_STR *****************
 Defined at:
		line 204 in file "main.c"
 Parameters:    Size  Location     Type
		None
 Auto vars:     Size  Location     Type
		None
 Return value:  Size  Location     Type
                  1    wreg      unsigned char 
 Registers used:
		wreg, status,2, status,0, pclath, cstack
 Tracked objects:
		On entry : 
		On exit  : 
		Unchanged: 
 Data sizes:     COMMON   BANK0   BANK1   BANK2
      Params:         0       0       0       0
      Locals:         0       0       0       0
      Temps:          0       3       0       0
      Totals:         0       3       0       0
Total ram usage:        3 bytes
 Hardware stack levels used:    1
 Hardware stack levels required when called:    3
 This function calls:
		___awdiv
		___awmod
 This function is called by:
		_main
 This function uses a non-reentrant model


 *************** function ___awmod *****************
 Defined at:
		line 6 in file "C:\Program Files (x86)\Microchip\xc8\v1.44\sources\common\awmod.c"
 Parameters:    Size  Location     Type
  divisor         2    0[BANK0 ] int 
  dividend        2    2[BANK0 ] int 
 Auto vars:     Size  Location     Type
  sign            1    6[BANK0 ] unsigned char 
  counter         1    5[BANK0 ] unsigned char 
 Return value:  Size  Location     Type
                  2    0[BANK0 ] int 
 Registers used:
		wreg, status,2, status,0
 Tracked objects:
		On entry : 
		On exit  : 
		Unchanged: 
 Data sizes:     COMMON   BANK0   BANK1   BANK2
      Params:         0       4       0       0
      Locals:         0       2       0       0
      Temps:          0       1       0       0
      Totals:         0       7       0       0
Total ram usage:        7 bytes
 Hardware stack levels used:    1
 Hardware stack levels required when called:    2
 This function calls:
		Nothing
 This function is called by:
		_Time_Formate_to_STR
 This function uses a non-reentrant model


 *************** function ___awdiv *****************
 Defined at:
		line 6 in file "C:\Program Files (x86)\Microchip\xc8\v1.44\sources\common\awdiv.c"
 Parameters:    Size  Location     Type
  divisor         2    0[BANK0 ] int 
  dividend        2    2[BANK0 ] int 
 Auto vars:     Size  Location     Type
  quotient        2    7[BANK0 ] int 
  sign            1    6[BANK0 ] unsigned char 
  counter         1    5[BANK0 ] unsigned char 
 Return value:  Size  Location     Type
                  2    0[BANK0 ] int 
 Registers used:
		wreg, status,2, status,0
 Tracked objects:
		On entry : 
		On exit  : 
		Unchanged: 
 Data sizes:     COMMON   BANK0   BANK1   BANK2
      Params:         0       4       0       0
      Locals:         0       4       0       0
      Temps:          0       1       0       0
      Totals:         0       9       0       0
Total ram usage:        9 bytes
 Hardware stack levels used:    1
 Hardware stack levels required when called:    2
 This function calls:
		Nothing
 This function is called by:
		_Time_Formate_to_STR
 This function uses a non-reentrant model


 *************** function _Tick *****************
 Defined at:
		line 112 in file "main.c"
 Parameters:    Size  Location     Type
		None
 Auto vars:     Size  Location     Type
		None
 Return value:  Size  Location     Type
                  1    wreg      void 
 Registers used:
		wreg, status,2
 Tracked objects:
		On entry : 
		On exit  : 
		Unchanged: 
 Data sizes:     COMMON   BANK0   BANK1   BANK2
      Params:         0       0       0       0
      Locals:         0       0       0       0
      Temps:          0       0       0       0
      Totals:         0       0       0       0
Total ram usage:        0 bytes
 Hardware stack levels used:    1
 Hardware stack levels required when called:    2
 This function calls:
		Nothing
 This function is called by:
		_main
 This function uses a non-reentrant model


 *************** function _IST_Time_Formate *****************
 Defined at:
		line 215 in file "main.c"
 Parameters:    Size  Location     Type
		None
 Auto vars:     Size  Location     Type
		None
 Return value:  Size  Location     Type
                  1    wreg      void 
 Registers used:
		wreg, status,2, status,0, pclath, cstack
 Tracked objects:
		On entry : 
		On exit  : 
		Unchanged: 
 Data sizes:     COMMON   BANK0   BANK1   BANK2
      Params:         0       0       0       0
      Locals:         0       0       0       0
      Temps:          0       2       0       0
      Totals:         0       2       0       0
Total ram usage:        2 bytes
 Hardware stack levels used:    1
 Hardware stack levels required when called:    3
 This function calls:
		___bmul
 This function is called by:
		_main
 This function uses a non-reentrant model


 *************** function ___bmul *****************
 Defined at:
		line 4 in file "C:\Program Files (x86)\Microchip\xc8\v1.44\sources\common\Umul8.c"
 Parameters:    Size  Location     Type
  multiplier      1    wreg     unsigned char 
  multiplicand    1    0[BANK0 ] unsigned char 
 Auto vars:     Size  Location     Type
  multiplier      1    3[BANK0 ] unsigned char 
  product         1    2[BANK0 ] unsigned char 
 Return value:  Size  Location     Type
                  1    wreg      unsigned char 
 Registers used:
		wreg, status,2, status,0
 Tracked objects:
		On entry : 
		On exit  : 
		Unchanged: 
 Data sizes:     COMMON   BANK0   BANK1   BANK2
      Params:         0       1       0       0
      Locals:         0       2       0       0
      Temps:          0       1       0       0
      Totals:         0       4       0       0
Total ram usage:        4 bytes
 Hardware stack levels used:    1
 Hardware stack levels required when called:    2
 This function calls:
		Nothing
 This function is called by:
		_IST_Time_Formate
 This function uses a non-reentrant model


 *************** function _INIT *****************
 Defined at:
		line 178 in file "main.c"
 Parameters:    Size  Location     Type
		None
 Auto vars:     Size  Location     Type
		None
 Return value:  Size  Location     Type
                  1    wreg      void 
 Registers used:
		wreg, status,2
 Tracked objects:
		On entry : 
		On exit  : 
		Unchanged: 
 Data sizes:     COMMON   BANK0   BANK1   BANK2
      Params:         0       0       0       0
      Locals:         0       0       0       0
      Temps:          0       0       0       0
      Totals:         0       0       0       0
Total ram usage:        0 bytes
 Hardware stack levels used:    1
 Hardware stack levels required when called:    2
 This function calls:
		Nothing
 This function is called by:
		_main
 This function uses a non-reentrant model


 *************** function _ISR *****************
 Defined at:
		line 60 in file "main.c"
 Parameters:    Size  Location     Type
		None
 Auto vars:     Size  Location     Type
		None
 Return value:  Size  Location     Type
                  1    wreg      void 
 Registers used:
		wreg, fsr0l, fsr0h, status,2, status,0, pclath, cstack
 Tracked objects:
		On entry : 
		On exit  : 
		Unchanged: 
 Data sizes:     COMMON   BANK0   BANK1   BANK2
      Params:         0       0       0       0
      Locals:         0       0       0       0
      Temps:          4       0       0       0
      Totals:         4       0       0       0
Total ram usage:        4 bytes
 Hardware stack levels used:    1
 Hardware stack levels required when called:    1
 This function calls:
		_UARTReceiveInterrupt
 This function is called by:
		Interrupt level 1
 This function uses a non-reentrant model


 *************** function _UARTReceiveInterrupt *****************
 Defined at:
		line 135 in file "main.c"
 Parameters:    Size  Location     Type
		None
 Auto vars:     Size  Location     Type
  temp            1    1[COMMON] unsigned char 
 Return value:  Size  Location     Type
                  1    wreg      void 
 Registers used:
		wreg, fsr0l, fsr0h, status,2, status,0
 Tracked objects:
		On entry : 
		On exit  : 
		Unchanged: 
 Data sizes:     COMMON   BANK0   BANK1   BANK2
      Params:         0       0       0       0
      Locals:         1       0       0       0
      Temps:          1       0       0       0
      Totals:         2       0       0       0
Total ram usage:        2 bytes
 Hardware stack levels used:    1
 This function calls:
		Nothing
 This function is called by:
		_ISR
 This function uses a non-reentrant model



MODULE INFORMATION

Module		Function		Class		Link	Load	Size
C:\Program Files (x86)\Microchip\xc8\v1.44\sources\common\awmod.c
		___awmod       		CODE           	0282	0000	78

C:\Program Files (x86)\Microchip\xc8\v1.44\sources\common\awmod.c estimated size: 78

C:\Program Files (x86)\Microchip\xc8\v1.44\sources\common\Umul8.c
		___bmul        		CODE           	033D	0000	20

C:\Program Files (x86)\Microchip\xc8\v1.44\sources\common\Umul8.c estimated size: 20

shared
		__initialization		CODE           	0013	0000	19

shared estimated size: 19

C:\Program Files (x86)\Microchip\xc8\v1.44\sources\common\awdiv.c
		___awdiv       		CODE           	0227	0000	92

C:\Program Files (x86)\Microchip\xc8\v1.44\sources\common\awdiv.c estimated size: 92

main.c
		_IST_Time_Formate		CODE           	00B7	0000	131
		_ISR           		CODE           	0323	0000	27
		_main          		CODE           	0028	0000	144
		_UARTResetRxBuffer		CODE           	0358	0000	4
		_UARTReceiveddatasize		CODE           	035B	0000	3
		_Tick          		CODE           	02CF	0000	49
		_Time_Formate_to_STR		CODE           	0139	0000	123
		_UARTReceiveInterrupt		CODE           	01B3	0000	117
		_INIT          		CODE           	02FF	0000	37

main.c estimated size: 635

