Microchip MPLAB XC8 Compiler V1.44 ()

Linker command line:

-W-3 --edf=C:\Program Files (x86)\Microchip\xc8\v1.44\dat\en_msgs.txt -cs \
  -h+dist/default/production\Pixel_led_16F690.X.production.sym \
  --cmf=dist/default/production\Pixel_led_16F690.X.production.cmf -z \
  -Q16F690 -oC:\Users\Raja\AppData\Local\Temp\s43k.2 \
  -Mdist/default/production/Pixel_led_16F690.X.production.map -E1 -ver=XC8 \
  -ASTACK=0A0h-0efh -pstack=STACK -ACODE=00h-07FFhx2 -ASTRCODE=00h-0FFFh \
  -ASTRING=00h-0FFhx16 -ACONST=00h-0FFhx16 -AENTRY=00h-0FFhx16 \
  -ACOMMON=070h-07Fh -ABANK0=020h-06Fh -ABANK1=0A0h-0EFh \
  -ABANK2=0120h-016Fh -ARAM=020h-06Fh,0A0h-0EFh,0120h-016Fh \
  -AABS1=020h-07Fh,0A0h-0EFh,0120h-016Fh -ASFR0=00h-01Fh -ASFR1=080h-09Fh \
  -ASFR2=0100h-011Fh -ASFR3=0180h-01EFh \
  -preset_vec=00h,intentry,init,end_init -ppowerup=CODE -pcinit=CODE \
  -pfunctab=ENTRY -ACONFIG=02007h-02007h -pconfig=CONFIG -DCONFIG=2 \
  -AIDLOC=02000h-02003h -pidloc=IDLOC -DIDLOC=2 -AEEDATA=00h-0FFh/02100h \
  -peeprom_data=EEDATA -DEEDATA=2 -DCODE=2 -DSTRCODE=2 -DSTRING=2 -DCONST=2 \
  -DENTRY=2 -k C:\Users\Raja\AppData\Local\Temp\s43k.obj \
  dist/default/production\Pixel_led_16F690.X.production.obj 

Object code version is 3.11

Machine type is 16F690



                Name                               Link     Load   Length Selector   Space Scale
C:\Users\Raja\AppData\Local\Temp\s43k.obj
                end_init                              0        0        2        0       0
                config                             2007     2007        1     400E       0
dist/default/production\Pixel_led_16F690.X.production.obj
                cinit                               7F0      7F0       10      FE0       0
                text1_split_6                        6B       6B      785       D6       0
                text1_split_5                       D55      D55       85     1AAA       0
                text1_split_4                       F71      F71       8F     1EE2       0
                text1_split_3                       EE4      EE4       8D     1DC8       0
                text1_split_2                       DDA      DDA       85     1BB4       0
                text1_split_1                       E5F      E5F       85     1CBE       0
                text7                                20       20       21       40       0
                text6                                 4        4       1C        8       0
                text5                               C78      C78        B     18F0       0
                text4                               CAA      CAA       11     1954       0
                text3                                41       41       2A       82       0
                text2                               CBB      CBB       16     1976       0
                text1                               CD1      CD1       84     19A2       0
                maintext                            C8E      C8E        C     191C       0
                cstackBANK0                          49       49        6       3E       1
                cstackCOMMON                         70       70        E       70       1
                inittext                            C9A      C9A       10     1934       0
                dataBANK0                            3E       3E        B       3E       1
                bssBANK0                             4F       4F        2       3E       1
                idataBANK0                          C83      C83        B     1906       0

TOTAL           Name                               Link     Load   Length     Space
        CLASS   STACK          

        CLASS   CODE           
                end_init                              0        0        2         0
                cinit                               7F0      7F0       10         0
                text1_split_6                        6B       6B      785         0
                text1_split_5                       D55      D55       85         0
                text1_split_4                       F71      F71       8F         0
                text1_split_3                       EE4      EE4       8D         0
                text1_split_2                       DDA      DDA       85         0
                text1_split_1                       E5F      E5F       85         0
                text7                                20       20       21         0
                text6                                 4        4       1C         0
                text5                               C78      C78        B         0
                text4                               CAA      CAA       11         0
                text3                                41       41       2A         0
                text2                               CBB      CBB       16         0
                text1                               CD1      CD1       84         0
                maintext                            C8E      C8E        C         0
                inittext                            C9A      C9A       10         0
                idataBANK0                          C83      C83        B         0

        CLASS   STRCODE        

        CLASS   STRING         

        CLASS   CONST          

        CLASS   ENTRY          

        CLASS   COMMON         
                cstackCOMMON                         70       70        E         1

        CLASS   BANK0          
                cstackBANK0                          49       49        6         1
                dataBANK0                            3E       3E        B         1
                bssBANK0                             4F       4F        2         1

        CLASS   BANK1          

        CLASS   BANK2          

        CLASS   RAM            

        CLASS   ABS1           
                abs_s1                               20       20       1E         1
                abs_s1                               7E       7E        2         1

        CLASS   SFR0           

        CLASS   SFR1           

        CLASS   SFR2           

        CLASS   SFR3           

        CLASS   CONFIG         
                config                             2007     2007        1         0

        CLASS   IDLOC          

        CLASS   EEDATA         

        CLASS   BANK3          



SEGMENTS        Name                           Load    Length   Top    Selector   Space  Class     Delta

                reset_vec                      000000  000002  000002         0       0  CODE        2
                text6                          000004  00001C  000020         8       0  CODE        2
                dataBANK0                      00003E  000013  000051        3E       1  BANK0       1
                text7                          000020  000021  000041        40       0  CODE        2
                cstackCOMMON                   000070  00000E  00007E        70       1  COMMON      1
                text3                          000041  00002A  00006B        82       0  CODE        2
                text1_split_6                  00006B  000785  0007F0        D6       0  CODE        2
                cinit                          0007F0  000010  000800       FE0       0  CODE        2
                text5                          000C78  00000B  000C83      18F0       0  CODE        2
                idataBANK0                     000C83  00000B  000C8E      1906       0  CODE        2
                maintext                       000C8E  00000C  000C9A      191C       0  CODE        2
                inittext                       000C9A  000010  000CAA      1934       0  CODE        2
                text4                          000CAA  000011  000CBB      1954       0  CODE        2
                text2                          000CBB  000016  000CD1      1976       0  CODE        2
                text1                          000CD1  000084  000D55      19A2       0  CODE        2
                text1_split_5                  000D55  000085  000DDA      1AAA       0  CODE        2
                text1_split_2                  000DDA  000085  000E5F      1BB4       0  CODE        2
                text1_split_1                  000E5F  000085  000EE4      1CBE       0  CODE        2
                text1_split_3                  000EE4  00008D  000F71      1DC8       0  CODE        2
                text1_split_4                  000F71  00008F  001000      1EE2       0  CODE        2
                config                         002007  000001  002008      400E       0  CONFIG      2


UNUSED ADDRESS RANGES

        Name                Unused          Largest block    Delta
        BANK0            000051-00006F               1F           1
        BANK1            0000A0-0000EF               50           1
        BANK2            000120-00016F               50           1
        CODE             000002-000003                2           2
                         000800-000C77              478
        CONST            000002-000003                2           2
                         000800-000C77              100
        EEDATA           002100-0021FF              100           2
        ENTRY            000002-000003                2           2
                         000800-000C77              100
        IDLOC            002000-002003                4           2
        RAM              000051-00006F               1F           1
                         0000A0-0000EF               50
                         000120-00016F               50
        SFR0             000000-00001F               20           1
        SFR1             000080-00009F               20           1
        SFR2             000100-00011F               20           1
        SFR3             000180-0001EF               70           1
        STACK            0000A0-0000EF               50           1
        STRCODE          000002-000003                2           2
                         000800-000C77              478
        STRING           000002-000003                2           2
                         000800-000C77              100

                                  Symbol Table

_ANSEL                   (abs)        00011E
_ANSELH                  (abs)        00011F
_BlueColour              dataBANK0    00003E
_GreenColour             dataBANK0    000041
_OSCCON                  (abs)        00008F
_RGBLed                  (abs)        000020
_RedColour               dataBANK0    000044
_TRISC                   (abs)        000087
__CFG_BOREN$OFF          (abs)        000000
__CFG_CP$ON              (abs)        000000
__CFG_CPD$OFF            (abs)        000000
__CFG_FCMEN$OFF          (abs)        000000
__CFG_FOSC$HS            (abs)        000000
__CFG_IESO$OFF           (abs)        000000
__CFG_MCLRE$OFF          (abs)        000000
__CFG_PWRTE$OFF          (abs)        000000
__CFG_WDTE$OFF           (abs)        000000
__Habs1                  abs1         000000
__Hbank0                 bank0        000000
__Hbank1                 bank1        000000
__Hbank2                 bank2        000000
__Hbank3                 bank3        000000
__HbssBANK0              bssBANK0     000000
__Hcinit                 cinit        000800
__Hclrtext               clrtext      000000
__Hcode                  code         000000
__Hcommon                common       000000
__Hconfig                config       002008
__HcstackBANK0           cstackBANK0  000000
__HcstackCOMMON          cstackCOMMON 000000
__HdataBANK0             dataBANK0    000000
__Heeprom_data           eeprom_data  000000
__Hend_init              end_init     000002
__Hfunctab               functab      000000
__HidataBANK0            idataBANK0   000000
__Hidloc                 idloc        000000
__Hinit                  init         000000
__Hinittext              inittext     000000
__Hintentry              intentry     000000
__Hmaintext              maintext     000000
__Hpowerup               powerup      000000
__Hram                   ram          000000
__Hreset_vec             reset_vec    000000
__Hsfr0                  sfr0         000000
__Hsfr1                  sfr1         000000
__Hsfr2                  sfr2         000000
__Hsfr3                  sfr3         000000
__Hspace_0               (abs)        002008
__Hspace_1               (abs)        00007E
__Hspace_2               (abs)        000000
__Hspace_3               (abs)        000000
__Hstack                 stack        000000
__Hstrings               strings      000000
__Htext                  text         000000
__Labs1                  abs1         000000
__Lbank0                 bank0        000000
__Lbank1                 bank1        000000
__Lbank2                 bank2        000000
__Lbank3                 bank3        000000
__LbssBANK0              bssBANK0     000000
__Lcinit                 cinit        0007F0
__Lclrtext               clrtext      000000
__Lcode                  code         000000
__Lcommon                common       000000
__Lconfig                config       002007
__LcstackBANK0           cstackBANK0  000000
__LcstackCOMMON          cstackCOMMON 000000
__LdataBANK0             dataBANK0    000000
__Leeprom_data           eeprom_data  000000
__Lend_init              end_init     000000
__Lfunctab               functab      000000
__LidataBANK0            idataBANK0   000000
__Lidloc                 idloc        000000
__Linit                  init         000000
__Linittext              inittext     000000
__Lintentry              intentry     000000
__Lmaintext              maintext     000000
__Lpowerup               powerup      000000
__Lram                   ram          000000
__Lreset_vec             reset_vec    000000
__Lsfr0                  sfr0         000000
__Lsfr1                  sfr1         000000
__Lsfr2                  sfr2         000000
__Lsfr3                  sfr3         000000
__Lspace_0               (abs)        000000
__Lspace_1               (abs)        000000
__Lspace_2               (abs)        000000
__Lspace_3               (abs)        000000
__Lstack                 stack        000000
__Lstrings               strings      000000
__Ltext                  text         000000
__S0                     (abs)        002008
__S1                     (abs)        00007E
__S2                     (abs)        000000
__S3                     (abs)        000000
___bmul                  text4        000CAA
___bmul@multiplicand     cstackCOMMON 000070
___bmul@multiplier       cstackCOMMON 000073
___bmul@product          cstackCOMMON 000072
___int_sp                stack        000000
___latbits               (abs)        000001
___sp                    stack        000000
__end_of___bmul          text4        000CBB
__end_of__initialization cinit        0007FD
__end_of_data_load       text7        000041
__end_of_flushledarray   text5        000C83
__end_of_main            maintext     000C9A
__end_of_memcpy          text3        00006B
__end_of_memset          text6        000020
__end_of_patternDesign   text1_split_6 0007F0
__end_of_setRGBColour    text2        000CD1
__initialization         cinit        0007F0
__pbssBANK0              bssBANK0     00004F
__pcstackBANK0           cstackBANK0  000049
__pcstackCOMMON          cstackCOMMON 000070
__pdataBANK0             dataBANK0    00003E
__pidataBANK0            idataBANK0   000C83
__pmaintext              maintext     000C8E
__ptext1                 text1        000CD1
__ptext2                 text2        000CBB
__ptext3                 text3        000041
__ptext4                 text4        000CAA
__ptext5                 text5        000C78
__ptext6                 text6        000004
__ptext7                 text7        000020
__size_of___bmul         (abs)        000000
__size_of_data_load      (abs)        000000
__size_of_flushledarray  (abs)        000000
__size_of_main           (abs)        000000
__size_of_memcpy         (abs)        000000
__size_of_memset         (abs)        000000
__size_of_patternDesign  (abs)        000000
__size_of_setRGBColour   (abs)        000000
_bit_cnt                 bssBANK0     00004F
_data_load               text7        000020
_flushledarray           text5        000C78
_ledCount                dataBANK0    000047
_main                    maintext     000C8E
_memcpy                  text3        000041
_memset                  text6        000004
_patternDesign           text1        000CD1
_setRGBColour            text2        000CBB
btemp                    (abs)        00007E
end_of_initialization    cinit        0007FD
init_fetch0              inittext     000C9A
init_ram0                inittext     000C9E
intlevel0                functab      000000
intlevel1                functab      000000
intlevel2                functab      000000
intlevel3                functab      000000
intlevel4                functab      000000
intlevel5                functab      000000
memcpy@d                 cstackCOMMON 00007A
memcpy@d1                cstackCOMMON 000079
memcpy@n                 cstackCOMMON 000075
memcpy@s                 cstackCOMMON 00007B
memcpy@s1                cstackCOMMON 000074
memcpy@tmp               cstackCOMMON 000078
memset@c                 cstackCOMMON 000070
memset@n                 cstackCOMMON 000072
memset@p                 cstackCOMMON 000076
memset@p1                cstackCOMMON 000075
pnum$text1               (abs)        00000A
pnum$text1_split_1       (abs)        000011
pnum$text1_split_2       (abs)        000012
pnum$text1_split_3       (abs)        000013
pnum$text1_split_4       (abs)        000014
pnum$text1_split_5       (abs)        000015
pnum$text1_split_6       (abs)        000016
psplit$0                 (abs)        0A0011
psplit$1                 (abs)        110012
psplit$2                 (abs)        120013
psplit$3                 (abs)        130014
psplit$4                 (abs)        140015
psplit$5                 (abs)        150016
reset_vec                reset_vec    000000
setRGBColour@LedPos      cstackBANK0  00004C
setRGBColour@RGB         cstackBANK0  000049
stackhi                  (abs)        000000
stacklo                  (abs)        000000
start                    init         000000
start_initialization     cinit        0007F0
wtemp0                   (abs)        00007E


FUNCTION INFORMATION:

 *************** function _main *****************
 Defined at:
		line 24 in file "main.c"
 Parameters:    Size  Location     Type
		None
 Auto vars:     Size  Location     Type
		None
 Return value:  Size  Location     Type
                  1    wreg      void 
 Registers used:
		wreg, fsr0l, fsr0h, status,2, status,0, pclath, cstack
 Tracked objects:
		On entry : 
		On exit  : 
		Unchanged: 
 Data sizes:     COMMON   BANK0   BANK1   BANK2
      Params:         0       0       0       0
      Locals:         0       0       0       0
      Temps:          0       0       0       0
      Totals:         0       0       0       0
Total ram usage:        0 bytes
 Hardware stack levels required when called:    3
 This function calls:
		_patternDesign
 This function is called by:
		Startup code after reset
 This function uses a non-reentrant model


 *************** function _patternDesign *****************
 Defined at:
		line 69 in file "design.c"
 Parameters:    Size  Location     Type
		None
 Auto vars:     Size  Location     Type
		None
 Return value:  Size  Location     Type
                  1    wreg      void 
 Registers used:
		wreg, fsr0l, fsr0h, status,2, status,0, pclath, cstack
 Tracked objects:
		On entry : 
		On exit  : 
		Unchanged: 
 Data sizes:     COMMON   BANK0   BANK1   BANK2
      Params:         0       0       0       0
      Locals:         0       0       0       0
      Temps:          0       2       0       0
      Totals:         0       2       0       0
Total ram usage:        2 bytes
 Hardware stack levels used:    1
 Hardware stack levels required when called:    2
 This function calls:
		_data_load
		_flushledarray
		_setRGBColour
 This function is called by:
		_main
 This function uses a non-reentrant model


 *************** function _setRGBColour *****************
 Defined at:
		line 57 in file "design.c"
 Parameters:    Size  Location     Type
  RGB             3    0[BANK0 ] struct rgbLedColur
  LedPos          1    3[BANK0 ] unsigned char 
 Auto vars:     Size  Location     Type
		None
 Return value:  Size  Location     Type
                  1    wreg      void 
 Registers used:
		wreg, fsr0l, fsr0h, status,2, status,0, pclath, cstack
 Tracked objects:
		On entry : 
		On exit  : 
		Unchanged: 
 Data sizes:     COMMON   BANK0   BANK1   BANK2
      Params:         0       4       0       0
      Locals:         0       0       0       0
      Temps:          2       0       0       0
      Totals:         2       4       0       0
Total ram usage:        6 bytes
 Hardware stack levels used:    1
 Hardware stack levels required when called:    1
 This function calls:
		___bmul
		_memcpy
 This function is called by:
		_patternDesign
 This function uses a non-reentrant model


 *************** function _memcpy *****************
 Defined at:
		line 27 in file "C:\Program Files (x86)\Microchip\xc8\v1.44\sources\common\memcpy.c"
 Parameters:    Size  Location     Type
  d1              1    wreg     PTR void 
		 -> RGBLed(30), 
  s1              1    4[COMMON] PTR const void 
		 -> setRGBColour@RGB(3), 
  n               2    5[COMMON] unsigned int 
 Auto vars:     Size  Location     Type
  d1              1    9[COMMON] PTR void 
		 -> RGBLed(30), 
  s               1   11[COMMON] PTR const unsigned char 
		 -> setRGBColour@RGB(3), 
  d               1   10[COMMON] PTR unsigned char 
		 -> RGBLed(30), 
  tmp             1    8[COMMON] unsigned char 
 Return value:  Size  Location     Type
                  1    wreg      PTR void 
 Registers used:
		wreg, fsr0l, fsr0h, status,2, status,0
 Tracked objects:
		On entry : 
		On exit  : 
		Unchanged: 
 Data sizes:     COMMON   BANK0   BANK1   BANK2
      Params:         3       0       0       0
      Locals:         4       0       0       0
      Temps:          1       0       0       0
      Totals:         8       0       0       0
Total ram usage:        8 bytes
 Hardware stack levels used:    1
 This function calls:
		Nothing
 This function is called by:
		_setRGBColour
 This function uses a non-reentrant model


 *************** function ___bmul *****************
 Defined at:
		line 4 in file "C:\Program Files (x86)\Microchip\xc8\v1.44\sources\common\Umul8.c"
 Parameters:    Size  Location     Type
  multiplier      1    wreg     unsigned char 
  multiplicand    1    0[COMMON] unsigned char 
 Auto vars:     Size  Location     Type
  multiplier      1    3[COMMON] unsigned char 
  product         1    2[COMMON] unsigned char 
 Return value:  Size  Location     Type
                  1    wreg      unsigned char 
 Registers used:
		wreg, status,2, status,0
 Tracked objects:
		On entry : 
		On exit  : 
		Unchanged: 
 Data sizes:     COMMON   BANK0   BANK1   BANK2
      Params:         1       0       0       0
      Locals:         2       0       0       0
      Temps:          1       0       0       0
      Totals:         4       0       0       0
Total ram usage:        4 bytes
 Hardware stack levels used:    1
 This function calls:
		Nothing
 This function is called by:
		_setRGBColour
 This function uses a non-reentrant model


 *************** function _flushledarray *****************
 Defined at:
		line 63 in file "design.c"
 Parameters:    Size  Location     Type
		None
 Auto vars:     Size  Location     Type
		None
 Return value:  Size  Location     Type
                  1    wreg      void 
 Registers used:
		wreg, fsr0l, fsr0h, status,2, status,0, pclath, cstack
 Tracked objects:
		On entry : 
		On exit  : 
		Unchanged: 
 Data sizes:     COMMON   BANK0   BANK1   BANK2
      Params:         0       0       0       0
      Locals:         0       0       0       0
      Temps:          0       0       0       0
      Totals:         0       0       0       0
Total ram usage:        0 bytes
 Hardware stack levels used:    1
 Hardware stack levels required when called:    1
 This function calls:
		_memset
 This function is called by:
		_patternDesign
 This function uses a non-reentrant model


 *************** function _memset *****************
 Defined at:
		line 8 in file "C:\Program Files (x86)\Microchip\xc8\v1.44\sources\common\memset.c"
 Parameters:    Size  Location     Type
  p1              1    wreg     PTR void 
		 -> RGBLed(30), 
  c               2    0[COMMON] int 
  n               2    2[COMMON] unsigned int 
 Auto vars:     Size  Location     Type
  p1              1    5[COMMON] PTR void 
		 -> RGBLed(30), 
  p               1    6[COMMON] PTR unsigned char 
		 -> RGBLed(30), 
 Return value:  Size  Location     Type
                  1    wreg      PTR void 
 Registers used:
		wreg, fsr0l, fsr0h, status,2, status,0
 Tracked objects:
		On entry : 
		On exit  : 
		Unchanged: 
 Data sizes:     COMMON   BANK0   BANK1   BANK2
      Params:         4       0       0       0
      Locals:         2       0       0       0
      Temps:          1       0       0       0
      Totals:         7       0       0       0
Total ram usage:        7 bytes
 Hardware stack levels used:    1
 This function calls:
		Nothing
 This function is called by:
		_flushledarray
 This function uses a non-reentrant model


 *************** function _data_load *****************
 Defined at:
		line 13 in file "design.c"
 Parameters:    Size  Location     Type
		None
 Auto vars:     Size  Location     Type
		None
 Return value:  Size  Location     Type
                  1    wreg      void 
 Registers used:
		wreg
 Tracked objects:
		On entry : 
		On exit  : 
		Unchanged: 
 Data sizes:     COMMON   BANK0   BANK1   BANK2
      Params:         0       0       0       0
      Locals:         0       0       0       0
      Temps:          1       0       0       0
      Totals:         1       0       0       0
Total ram usage:        1 bytes
 Hardware stack levels used:    1
 This function calls:
		Nothing
 This function is called by:
		_patternDesign
 This function uses a non-reentrant model



MODULE INFORMATION

Module		Function		Class		Link	Load	Size
C:\Program Files (x86)\Microchip\xc8\v1.44\sources\common\memset.c
		_memset        		CODE           	0004	0000	29

C:\Program Files (x86)\Microchip\xc8\v1.44\sources\common\memset.c estimated size: 29

C:\Program Files (x86)\Microchip\xc8\v1.44\sources\common\memcpy.c
		_memcpy        		CODE           	0041	0000	43

C:\Program Files (x86)\Microchip\xc8\v1.44\sources\common\memcpy.c estimated size: 43

C:\Program Files (x86)\Microchip\xc8\v1.44\sources\common\Umul8.c
		___bmul        		CODE           	0CAA	0000	18

C:\Program Files (x86)\Microchip\xc8\v1.44\sources\common\Umul8.c estimated size: 18

shared
		__initialization		CODE           	07F0	0000	14

shared estimated size: 14

design.c
		_flushledarray 		CODE           	0C78	0000	12
		_data_load     		CODE           	0020	0000	34
		_setRGBColour  		CODE           	0CBB	0000	23
		_patternDesign 		CODE           	0CD1	0000	2741

design.c estimated size: 2810

main.c
		_main          		CODE           	0C8E	0000	13

main.c estimated size: 13

